[    .000000] Linux version 4.5.0-72-generic (buildd@lcy01-amd64-026) (gcc verson7.4.0 (Ubuntu 7.4.0-1ubnt1~18.04.1)) #81-Ubunt SMP Tue Nov 26 12:20:02 UTC 2019 (Ubuntu 4.15.0-72.81-generic 4.1.18)
[   000000] Command line: BOOT_IMAGE=/boot/vmlinuz-4.15.0-72-generic root=UUID=ec65c921-96eb-4429-80be-a2d5fcaf8bc5 ro console=tty1 console=ttyS0
[    0.000000] KERNEL supported cpus:
[    0.000000]   Intel GenuineIntel
[    0.000000]   AMD AuthenticAMD
[    0.000000]   Centaur CentaurHauls
[    .000000] x86/fpu: Supporting XSAVE feature 0x001: 'x87 floating point registers'
[    0.000000] x86/fpu: Supporting XSAVE feature 0x002: 'SSE registers'
[    0.000000] x86/fpu: Supporting XSAVE feature 0x004: 'AVX registers'
[   .000000] x86/fpu: xstate_offse[2]:  576, xstate_sizes[2]:  256
[    0.000000] x86/fpu: Enabled xstate features 0x7, context size is 832 bytes, using 'standard' format.
[    0.000000] e820: BIOS-provided physical RAM map:
[    0.000000] BIOS-e820: [mem 0x0000000000000000-0x000000000009fbff] usable
[    0.000000] BIOS-e820: [mem 0x000000000009fc00-0x000000000009ffff] reserved
[    0.000000] BIOS-e820: [mem 0x00000000000f0000-0x00000000000fffff] reserved
[    0.000000] BIOS-e820: [mem 0x0000000000100000-0x000000003ffeffff] usable
[    0.000000] BIOS-e820: [mem 0x000000003fff0000-0x000000003fffffff] ACPI data
[    0.000000] BIOS-e820: [mem 0x00000000fec00000-0x00000000fec00fff] reserved
[    0.000000] BIOS-e820: [mem 0x00000000fee00000-0x00000000fee00fff] reserved
[    0.000000] BIOS-e820: [mem 0x00000000fffc0000-0x00000000ffffffff] reserved
[    0.000000] NX (Execute Disable) protection: active
[    0.000000] SMBIOS 2.5 present.
[    0.000000] DMI: innotek GmbH VirtualBox/VirtualBox, BIOS VirtualBox 12/01/2006
[    0.000000] Hypervisor detected: KVM
[    0.000000] e820: last_pfn = 0x3fff0 max_arch_pfn = 0x400000000
[    0.000000] MTRR: Disabled
[    0.000000] x86/PAT: MTRRs disabled, skipping PAT initialization too.
[    0.000000] CPU MTRRs all blank - virtualized system.
[    0.000000] x86/PAT: Configuration [0-7]: WB  WT  UC- UC  WB  WT  UC- UC  
[    0.000000] found SMP MP-table at [mem 0x0009fff0-0x0009ffff]
[    0.000000] Scanning 1 areas for low memory corruption
[    0.000000] RAMDISK: [mem 0x35967000-0x36caafff]
[    0.000000] ACPI: Early table checksum verification disabled
[    0.000000] ACPI: RSDP 0x00000000000E0000 000024 (v02 VBOX  )
[    0.000000] ACPI: XSDT 0x000000003FFF0030 00003C (v01 VBOX   VBOXXSDT 00000001 ASL  00000061)
[    0.000000] ACPI: FACP 0x00000000FF00F0 0000F4 (v04 VBOX   VBOXFACP0000001 ASL 0000061)
    0.000000] ACPI: DSDT 0x000000003FFF0470 0021FF (v02 VBOX   VBOXBIOS 00000002 INTL 2010528)
[    0.000000] ACPI: FACS 0x000000003FFF0200 000040
[    0.0000] ACPI: FACS 0x000000003FFF0200 000040
[    0.000000] ACPI: APIC 0x000000003FFF0240 000C (v02 VBOX   VBOAPIC 00000001 ASL  00000061)
[    0.000000] ACPI: SSDT 0x000000003FFF02A0 0001CC (v01 VBOX   VBOXCPUT 00000002 INTL 20100528)
[    0.000000] No NUMA configuration foud
[    0.000000] Faking a node at [mem 0x0000000000000000-0x000000003ffeffff]
[    0.000000] NODE_DATA(0) allocated [mem 0x3ffc5000-0x3ffeffff]
[    0.000000] kvm-clock: cpu 0, msr 0:3ff44001, primary cpu clock
[    0.000000] kvm-clock: Using msrs 4b564d0 ad 4b564d00
[   0.000000] kvm-clock: using sched offset of 4558942207 cycles
[    0.000000] clocksource: kvm-clock: mask: 0xffffffffffffffff max_cycles: 0x1cd42e4dffb, max_idle_ns: 881590591483 ns
[    0.000000] Zone ranges:
[    0.000000]   DMA      [mem 0x0000000000001000-0x0000000000ffffff]
[    0.000000]   DMA32    [mem 0x0000000001000000-0x000000003ffeffff]
[    0.000000]   Normal   empty
[    0.000000]   Device   empty
[    0.000000] Movable zone start for each node
[    0.000000] Early memory node ranges
[    0.000000]   node   0: [mem 0x0000000000001000-0x000000000009efff]
[    0.000000]   node   0: [mem 0x0000000000100000-0x000000003ffeffff]
[    0.000000] Reserved but unavailable: 98 pages
[    0.000000] Initmem setup node 0 [mem 0x0000000000001000-0x000000003ffeffff]
[    0.000000] ACPI: PM-Timer IO Port: 0x4008
[    0.000000] IOAPIC[0]: apic_id 2, version 32, address 0xfec00000, GSI 0-23
[    0.000000] ACPI: INT_SRC_OVR (bus 0 bus_irq 0 global_irq 2 ddfl dfl)
[    0.000000] ACPI: INT_SRC_OVR (bus 0 bus_irq 9 global_irq 9 low level)
[    0.000000] Using ACPI (MADT) for SMP configuration information
[    0.000000] smpboot: Allowing 2 CPUs, 0 hotplug CPUs
[    0.000000] PM: Registered nosave memory: [mem 0x00000000-0x00000fff]
[    0.000000] PM: Registered nosave memory: [mem 0x0009f000-0x0009ffff]
[    0.000000] PM: Registered nosave memory: [mem 0x000a0000-0x000effff]
[    0.000000] PM: Registered nosave memory: [mem 0x000f0000-0x000fffff]
[    0.000000] e820: [mem 0x40000000-0xfebfffff] available for PCI devices
[    0.000000] Booting paravirtualized kernel on KVM
[    0.000000] clocksource: refined-jiffies: mask: 0xffffffff max_cycles: 0xffffffff, max_idle_ns: 7645519600211568 ns
[    0.000000] random: get_random_bytes called from start_kernel+0x99/0x4fd with crng_init=0
[    0.000000] setup_percpu: NR_CPUS:8192 nr_cpumask_bits:2 nr_cpu_ids:2 nr_node_ids:1
[    0.000000] percpu: Embedded 45 pages/cpu s147456 r8192 d28672 u1048576
[    0.000000] PV qspinlock hash table entries: 256 (order: 0, 4096 bytes)
[    0.000000] Built 1 zonelists, mobility grouping on.  Total pages: 257913
[    0.000000] Policy zone: DMA32
[    0.000000] Kernel command line: BOOT_IMAGE=/boot/vmlinuz-4.15.0-72-generic root=UUID=ec65c921-96eb-4429-80be-a2d5fafbc5 ro cnsle=tty1 console=tyS
[    0.00000] Memory: 982868K/1048120K available (12300K kerne cde, 241K rwdaa, 4264K rodata, 2428K init, 2388K bss, 65252K reserved, 0K cma-reserved)
[    0.000000] SLUB: HWalign=64, Order=0-3, MinObects0, CPUs=, odes=1
[   .000000] Kernel/User page tables isolation: enabled
[    0.000000] ftrace: allocating 3918entris n 154 pages
[    0.004000] Hierarchical RCU implemnttion.
[    0.004000] 	RCU restricting CPUs from N_CUS=8192 to nr_pu_id=2.
[   0.00000] 	TasksRCU nabled.
[   .004000] RCU: Adjusting gemetry forrc_fanout_leaf=16, nr_cpu_ids=2
[    0.004000] NR_IRQS: 524544, nr_irqs: 440, preallocated irqs: 16
[    0.004000] Console: colour VGA+ 80x25
[    0.004000] console [tty1] enabled
[    0.004000] console [ttyS0] enabled
[    0.004000] ACPI: Core revision 20170831

[    0.004000] ACPI: 2 ACPI AML tables successfully acquired and loaded
[    0.004000] APIC: Switch to symmetric I/O mode setup
[    0.004000] x2apic enabled
[    0.004000] Switched APIC routing to physical x2apic.
[    0.005343] ..TIMER: vector=0x30 apic1=0 pin1=2 apic2=-1 pin2=-1
[    0.008006] tsc: Detected 2599.998 MHz processor
[    0.009679] Calibrating delay loop (skipped) preset value.. 5199.99 BogoMIPS (lpj=10399992)
[    0.012006] pid_max: default: 32768 minimum: 301
[    0.016160] Security Framework initialized
[    0.018509] Yama: becoming mindful.
[    0.020072] AppArmor: AppArmor initialized
[    0.024151] Dentry cache hash table entries: 131072 (order: 8, 1048576 bytes)
[    0.028089] Inode-cache hash table entries: 65536 (order: 7, 524288 bytes)
[    0.032023] Mount-cache hash table entries: 2048 (order: 2, 16384 bytes)
[    0.036011] Mountpoint-cache hash table entries: 2048 (order: 2, 16384 bytes)
[    0.040697] Last level iTLB entries: 4KB 1024, 2MB 1024, 4MB 1024
[    0.044004] Last level dTLB entries: 4KB 1024, 2MB 1024, 4MB 1024, 1GB 4
[    0.048005] Spectre V1 : Mitigation: usercopy/swapgs barriers and __user pointer sanitization
[    0.052004] Spectre V2 : Mitigation: Full generic retpoline
[    0.056003] Spectre V2 : Spectre v2 / SpectreRSB mitigation: Filling RSB on context switch
[    0.060003] Speculative Store Bypass: Vulnerable
[    0.062813] MDS: Vulnerable: Clear CPU buffers attempted, no microcode
[    0.068059] Freeing SMP alternatives memory: 36K
[    0.184111] smpboot: CPU0: Intel(R) Core(TM) i5-4278U CPU @ 2.60GHz (family: 0x6, model: 0x45, stepping: 0x1)
[    0.188097] Performance Events: unsupported p6 CPU model 69 no PMU driver, software events only.
[    0.192062] Hierarchical SRCU implementation.
[    0.196573] NMI watchdog: Perf event create on CPU 0 failed with -2
[    0.200003] NMI watchdog: Perf NMI watchdog permanently disabled
[    0.204058] smp: Bringing up secondary CPUs ...
[    0.208091] x86: Booting SMP configuration:
[    0.212004] .... node  #0, CPUs:      #1
[    0.004000] kvm-clock: cpu 1, msr 0:3ff44041, secondary cpu clock
[    0.216026] smp: Brought up 1 node, 2 CPUs
[    0.220008] smpboot: Max logical packages: 1
[    0.224004] smpboot: Total of 2 processors activated (10399.99 BogoMIPS)
[    0.228135] devtmpfs: initialized
[    0.232060] x86/mm: Memory block size: 128MB
[    0.236149] evm: security.selinux
[    0.240006] evm: security.SMACK64
[    0.244003] evm: security.SMACK64EXEC
[    0.245308] evm: security.SMACK64TRANSMUTE
[    0.248002] evm: security.SMACK64MMAP
[    0.252003] evm: security.apparmor
[    0.254657] evm: security.ima
[    0.255728] evm: security.capability
[    0.256094] clocksource: jiffies: mask: 0xffffffff max_cycles: 0xffffffff, max_idle_ns: 7645041785100000 ns
[    0.260009] futex hash table entries: 512 (order: 3, 32768 bytes)
[    0.265877] pinctrl core: initialized pinctrl subsystem
[    0.268119] RTC time: 12:16:55, date: 12/19/19
[    0.272197] NET: Registered protocol family 16
[    0.276071] audit: initializing netlink subsys (disabled)
[    0.280041] audit: type=2000 audit(1576757819.384:1): state=initialized audit_enabled=0 res=1
[    0.312011] cpuidle: using governor ladder
[    0.316011] cpuidle: using governor menu
[    0.317439] ACPI: bus type PCI registered
[    0.320004] acpiphp: ACPI Hot Plug PCI Controller Driver version: 0.5
[    0.324149] PCI: Using configuration type 1 for base access
[    0.328946] HugeTLB registered 2.00 MiB page size, pre-allocated 0 pages
[    0.332090] ACPI: Added _OSI(Module Device)
[    0.336005] ACPI: Added _OSI(Processor Device)
[    0.340004] ACPI: Added _OSI(3.0 _SCP Extensions)
[    0.344004] ACPI: Added _OSI(Processor Aggregator Device)
[    0.348004] ACPI: Added _OSI(Linux-Dell-Video)
[    0.352005] ACPI: Added _OSI(Linux-Lenovo-NV-HDMI-Audio)
[    0.356005] ACPI: Added _OSI(Linux-HPI-Hybrid-Graphics)
[    0.360494] ACPI: Executed 1 blocks of module-level executable AML code
[    0.368725] ACPI: Interpreter enabled
[    0.372016] ACPI: (supports S0 S5)
[    0.376006] ACPI: Using IOAPIC for interrupt routing
[    0.380248] PCI: Using host bridge windows from ACPI; if necessary, use "pci=nocrs" and report a bug
[    0.384249] ACPI: Enabled 2 GPEs in block 00 to 07
[    0.395671] ACPI: PCI Root Bridge [PCI0] (domain 0000 [bus 00-ff])
[    0.396010] acpi PNP0A03:00: _OSC: OS supports [ASPM ClockPM Segments MSI]
[    0.400034] acpi PNP0A03:00: _OSC: not requesting OS control; OS requires [ExtendedConfig ASPM ClockPM MSI]
[    0.404019] acpi PNP0A03:00: fail to add MMCONFIG information, can't access extended PCI configuration space under this bridge.
[    0.408523] PCI host bridge to bus 0000:00
[    0.412005] pci_bus 0000:00: root bus resource [io  0x0000-0x0cf7 window]
[    0.416004] pci_bus 0000:00: root bus resource [io  0x0d00-0xffff window]
[    0.420004] pci_bus 0000:00: root bus resource [mem 0x000a0000-0x000bffff window]
[    0.424005] pci_bus 0000:00: root bus resource [mem 0x40000000-0xfdffffff window]
[    0.428004] pci_bus 0000:00: root bus resource [bus 00-ff]
[    0.434333] pci 0000:00:01.1: legacy IDE quirk: reg 0x10: [io  0x01f0-0x01f7]
[    0.436000] pci 0000:00:01.1: legacy IDE quirk: reg 0x14: [io  0x03f6]
[    0.436006] pci 0000:00:01.1: legacy IDE quirk: reg 0x18: [io  0x0170-0x0177]
[    0.437789] pci 0000:00:01.1: legacy IDE quirk: reg 0x1c: [io  0x0376]
[    0.470055] pci 0000:00:07.0: quirk: [io  0x4000-0x403f] claimed by PIIX4 ACPI
[    0.472068] pci 0000:00:07.0: quirk: [io  0x4100-0x410f] claimed by PIIX4 SMB
[    0.503346] ACPI: PCI Interrupt Link [LNKA] (IRQs 5 9 10 *11)
[    0.504721] ACPI: PCI Interrupt Link [LNKB] (IRQs 5 9 *10 11)
[    0.512071] ACPI: PCI Interrupt Link [LNKC] (IRQs 5 *9 10 11)
[    0.515440] ACPI: PCI Interrupt Link [LNKD] (IRQs 5 9 10 *11)
[    0.516747] SCSI subsystem initialized
[    0.520210] pci 0000:00:02.0: vgaarb: setting as boot VGA device
[    0.523274] pci 0000:00:02.0: vgaarb: VGA device added: decodes=io+mem,owns=io+mem,locks=none
[    0.524009] pci 0000:00:02.0: vgaarb: bridge control possible
[    0.528007] vgaarb: loaded
[    0.529447] ACPI: bus type USB registered
[    0.532045] usbcore: registered new interface driver usbfs
[    0.536037] usbcore: registered new interface driver hub
[    0.540369] usbcore: registered new device driver usb
[    0.544109] EDAC MC: Ver: 3.0.0
[    0.548397] PCI: Using ACPI for IRQ routing
[    0.552436] NetLabel: Initializing
[    0.556003] NetLabel:  domain hash size = 128
[    0.560003] NetLabel:  protocols = UNLABELED CIPSOv4 CALIPSO
[    0.564021] NetLabel:  unlabeled traffic allowed by default
[    0.572092] clocksource: Switched to clocksource kvm-clock
[    0.62561] FS Dskquta duo_66.
   0.894370] VFS: Dquot-cache hashtaleenries:51 (rdr , 096 bytes)
[    1.203727] AppArmor: AppArorFiesstm nale
    1.39401 pp: PnP ACPI init
[    1.521466] pnp: PnP ACPI: found 3 devices

[    1.539501] clocksource: acpi_pm: mask: 0xffffff max_cycles: 0xffffff, max_idle_ns: 2085701024 ns
[    1.543899] NET: Registered protocol family 2
[    1.546773] TCP established hash table entries: 8192 (order: 4, 65536 bytes)
[    1.551267] TCP bind hash table entries: 8192 (order: 5, 131072 bytes)
[    1.557346] TCP: Hash tables configured (established 8192 bind 8192)
[    1.561582] UDP hash table entries: 512 (order: 2, 16384 bytes)
[    1.564919] UDP-Lite hash table entries: 512 (order: 2, 16384 bytes)
[    1.568435] NET: Registered protocol family 1
[    1.570933] pci 0000:00:00.0: Limiting direct PCI/PCI transfers
[    1.574407] pci 0000:00:01.0: Activating ISA DMA hang workarounds
[    1.577800] pci 0000:00:02.0: Video device with shadowed ROM at [mem 0x000c0000-0x000dffff]
[    1.582278] Unpacking initramfs...
[    1.893132] Freeing initrd memory: 19728K
[    1.897129] clocksource: tsc: mask: 0xffffffffffffffff max_cycles: 0x257a3a7b45f, max_idle_ns: 440795312762 ns
[    1.913568] platform rtc_cmos: registered platform RTC device (no PNP device found)
[    1.941254] Scanning for low memory corruption every 60 seconds
[    1.944156] Initialise system trusted keyrings
[    1.954104] Key type blacklist registered
[    1.962020] workingset: timestamp_bits=36 max_order=18 bucket_order=0
[    1.965139] zbud: loaded
[    1.966639] squashfs: version 4.0 (2009/01/31) Phillip Lougher
[    1.971299] fuse init (API version 7.26)
[    1.982988] Key type asymmetric registered
[    1.984052] Asymmetric key parser 'x509' registered
[    1.985848] Block layer SCSI generic (bsg) driver version 0.4 loaded (major 246)
[    1.988567] io scheduler noop registered
[    1.993848] io scheduler deadline registered
[    1.997743] io scheduler cfq registered (default)
[    2.002652] ACPI: AC Adapter [AC] (on-line)
[    2.009928] input: Power Button as /devices/LNXSYSTM:00/LNXPWRBN:00/input/input0
[    2.013970] ACPI: Power Button [PWRF]
[    2.022007] input: Sleep Button as /devices/LNXSYSTM:00/LNXSLPBN:00/input/input1
[    2.038109] ACPI: Sleep Button [SLPF]
[    2.070675] ACPI: Battery Slot [BAT0] (battery present)
[    2.133797] Serial: 8250/16550 driver, 32 ports, IRQ sharing enabled
[    2.17193 0:02: ttyS0 at I/O 0x3f8 (irq = 4, base_baud = 115200) is a 16550A

[    2.250918] Linux agpgart interface v0.103
[    2.269301] loop: module loaded
[    2.278231] scsi host0: ata_piix
[    2.298546] scsi host1: ata_piix
[    2.301054] ata1: PATA max UDMA/33 cmd 0x1f0 ctl 0x3f6 bmdma 0xd000 irq 14
[    2.304644] ata2: PATA max UDMA/33 cmd 0x170 ctl 0x376 bmdma 0xd008 irq 15
[    2.311195] libphy: Fixed MDIO Bus: probed
[    2.321440] tun: Universal TUN/TAP device driver, 1.6
[    2.326646] PPP generic driver version 2.4.2
[    2.329010] ehci_hcd: USB 2.0 'Enhanced' Host Controller (EHCI) Driver
[    2.337506] ehci-pci: EHCI PCI platform driver
[    2.339249] ehci-platform: EHCI generic platform driver
[    2.341332] ohci_hcd: USB 1.1 'Open' Host Controller (OHCI) Driver
[    2.344701] ohci-pci: OHCI PCI platform driver
[    2.346442] ohci-platform: OHCI generic platform driver
[    2.349386] uhci_hcd: USB Universal Host Controller Interface driver
[    2.357287] i8042: PNP: PS/2 Controller [PNP0303:PS2K,PNP0f03:PS2M] at 0x60,0x64 irq 1,12
[    2.360586] serio: i8042 KBD port at 0x60,0x64 irq 1
[    2.362429] serio: i8042 AUX port at 0x60,0x64 irq 12
[    2.364020] mousedev: PS/2 mouse device common for all mice
[    2.366992] input: AT Translated Set 2 keyboard as /devices/platform/i8042/serio0/input/input2
[    2.368121] rtc_cmos rtc_cmos: rtc core: registered rtc_cmos as rtc0
[    2.372704] rtc_cmos rtc_cmos: alarms up to one day, 114 bytes nvram
[    2.374940] i2c /dev entries driver
[    2.376637] device-mapper: uevent: version 1.0.3
[    2.378425] device-mapper: ioctl: 4.37.0-ioctl (2017-09-20) initialised: dm-devel@redhat.com
[    2.381480] ledtrig-cpu: registered to indicate activity on CPUs
[    2.384968] NET: Registered protocol family 10
[    2.394275] Segment Routing with IPv6
[    2.395797] NET: Registered protocol family 17
[    2.397577] Key type dns_resolver registered
[    2.399510] mce: Using 0 MCE banks
[    2.400954] RAS: Correctable Errors collector initialized.
[    2.402825] sched_clock: Marking stable (2400903982, 0)->(5394790588, -2993886606)
[    2.416376] registered taskstats version 1
[    2.417730] Loading compiled-in X.509 certificates
[    2.433327] Loaded X.509 cert 'Build time autogenerated kernel key: f4f7241365689b0cbe3898188e65e316fd8f978d'
[    2.464310] zswap: loaded using pool lzo/zbud
[    2.495008] Key type big_key registered
[    2.507677] Key type trusted registered
[    2.525539] Key type encrypted registered
[    2.530209] AppArmor: AppArmor sha1 policy hashing enabled
[    2.549606] ima: No TPM chip found, activating TPM-bypass! (rc=-19)
[    2.556672] ima: Allocated hash algorithm: sha1
[    2.569873] evm: HMAC attrs: 0x1
[    2.580181]   Magic number: 15:456:279
[    2.619494] event_source tracepoint: hash matches
[    2.621492] tty tty16: hash matches
[    2.630617] rtc_cmos rtc_cmos: setting system clock to 2019-12-19 12:16:58 UTC (1576757818)
[    2.633806] BIOS EDD facility v0.16 2004-Jun-25, 0 devices found
[    2.635897] EDD information not available.
[    2.639940] Freeing unused kernel image memory: 2428K
[    2.656101] Write protecting the kernel read-only data: 20480k
[    2.660812] Freeing unused kernel image memory: 2008K
[    2.663936] Freeing unused kernel image memory: 1880K
[    2.682113] x86/mm: Checked W+X mappings: passed, no W+X pages found.
[    2.686003] x86/mm: Checking user space page tables
[    2.702633] x86/mm: Checked W+X mappings: passed, no W+X pages found.
Loading, please wait...
starting version 237
[    2.775170] Fusion MPT base driver 3.04.20
[    2.781155] Copyright (c) 1999-2008 LSI Corporation
[    2.785587] e1000: Intel(R) PRO/1000 Network Driver - version 7.3.21-k8-NAPI
[    2.787363] e1000: Copyright (c) 1999-2006 Intel Corporation.
[    2.799221] Fusion MPT SPI Host driver 3.04.20
[    2.816025] AVX2 version of gcm_enc/dec engaged.
[    2.818183] AES CTR mode by8 optimization enabled
[    3.066929] input: ImExPS/2 Generic Explorer Mouse as /devices/platform/i8042/serio1/input/input4
[    3.234484] e1000 0000:00:03.0 eth0: (PCI:33MHz:32-bit) 02:82:7a:7b:51:94
[    4.216729] e1000 0000:00:03.0 eth0: Intel(R) PRO/1000 Network Connection
[    4.694216] mptbase: ioc0: Initiating bringup
[    4.804447] ioc0: LSI53C1030 A0: Capabilities={Initiator}
[    5.096239] scsi host2: ioc0: LSI53C1030 A0, FwRev=00000000h, Ports=1, MaxQ=256, IRQ=20
[    5.267348] scsi 2:0:0:0: Direct-Access     VBOX     HARDDISK         1.0  PQ: 0 ANSI: 5
[    6.267349] scsi target2:0:0: Beginning Domain Validation
[    7.108505] scsi target2:0:0: Domain Validation skipping write tests
[    7.115150] scsi target2:0:0: Ending Domain Validation
[    7.121558] scsi target2:0:0: asynchronous
[    7.127250] scsi 2:0:1:0: Direct-Access     VBOX     HARDDISK         1.0  PQ: 0 ANSI: 5
[    7.452521] scsi target2:0:1: Beginning Domain Validation
[    7.475882] random: fast init done
[    7.934581] scsi target2:0:1: Domain Validation skipping write tests
[    7.937207] scsi target2:0:1: Ending Domain Validation
[    7.945056] scsi target2:0:1: asynchronous
[    7.950785] random: systemd-udevd: uninitialized urandom read (16 bytes read)
[    7.958827] e1000 0000:00:08.0 eth1: (PCI:33MHz:32-bit) 08:00:27:c6:f4:33
[    7.961876] e1000 0000:00:08.0 eth1: Intel(R) PRO/1000 Network Connection
[    7.962250] random: systemd-udevd: uninitialized urandom read (16 bytes read)
[    7.967879] random: systemd-udevd: uninitialized urandom read (16 bytes read)
[    7.976290] e1000 0000:00:08.0 enp0s8: renamed from eth1
[    7.977981] sd 2:0:0:0: Attached scsi generic sg0 type 0
[    7.983202] sd 2:0:0:0: [sda] 20971520 512-byte logical blocks: (10.7 GB/10.0 GiB)
[    7.983630] sd 2:0:1:0: [sdb] 20480 512-byte logical blocks: (10.5 MB/10.0 MiB)
[    8.001706] sd 2:0:1:0: Attached scsi generic sg1 type 0
[    8.004003] sd 2:0:1:0: [sdb] Write Protect is off
[    8.005671] sd 2:0:0:0: [sda] Write Protect is off
[    8.016126] e1000 0000:00:03.0 enp0s3: renamed from eth0
[    8.020703] sd 2:0:0:0: [sda] Incomplete mode parameter data
[    8.022730] sd 2:0:0:0: [sda] Assuming drive cache: write through
[    8.024561] sd 2:0:1:0: [sdb] Incomplete mode parameter data
[    8.030414] sd 2:0:1:0: [sdb] Assuming drive cache: write through
[    8.049038]  sda: sda1
[    8.051124] sd 2:0:0:0: [sda] Attached SCSI disk
[    8.053311] sd 2:0:1:0: [sdb] Attached SCSI disk
Begin: Loading essential drivers ... [    9.684022] raid6: sse2x1   gen()  7256 MB/s
[    9.732325] raid6: sse2x1   xor()  6221 MB/s
[    9.784691] raid6: sse2x2   gen()  9771 MB/s
[    9.832220] raid6: sse2x2   xor()  7070 MB/s
[    9.892282] raid6: sse2x4   gen() 12432 MB/s
[    9.968531] raid6: sse2x4   xor()  8676 MB/s
[   10.036216] raid6: avx2x1   gen() 19321 MB/s
[   10.112224] raid6: avx2x1   xor() 13307 MB/s
[   10.188237] raid6: avx2x2   gen() 21919 MB/s
[   10.252021] raid6: avx2x2   xor() 13623 MB/s
[   10.308577] raid6: avx2x4   gen() 25330 MB/s
[   10.356240] raid6: avx2x4   xor() 16055 MB/s
[   10.372321] raid6: using algorithm avx2x4 gen() 25330 MB/s
[   10.389538] raid6: .... xor() 16055 MB/s, rmw enabled
[   10.396788] raid6: using avx2x2 recovery algorithm
[   10.411044] xor: automatically using best checksumming function   avx       
[   10.426937] async_tx: api initialized (async)
done.
Begin: Running /scripts/init-premount ... done.
Begin: Mounting root file system ... Begin: Running /scripts/local-top ... done.
Begin: Running /scripts/local[   10.484268] Btrfs loaded, crc32c=crc32c-intel
-premount ... Scanning for Btrfs filesystems
done.
Warning: fsck not present, so skipping root file[   10.561515] EXT4-fs (sda1): mounted filesystem with ordered data mode. Opts: (null)
 system
done.
Begin: Running /scripts/local-bottom ... done.
Begin: Running /scripts/init-bottom ... done.
[   10.859137] ip_tables: (C) 2000-2006 Netfilter Core Team
[   10.928811] systemd[1]: systemd 237 running in system mode. (+PAM +AUDIT +SELINUX +IMA +APPARMOR +SMACK +SYSVINIT +UTMP +LIBCRYPTSETUP +GCRYPT +GNUTLS +ACL +XZ +LZ4 +SECCOMP +BLKID +ELFUTILS +KMOD -IDN2 +IDN -PCRE2 default-hierarchy=hybrid)
[   10.965799] systemd[1]: Detected virtualization oracle.
[   11.009994] systemd[1]: Detected architecture x86-64.

Welcome to [1mUbuntu 18.04.3 LTS[0m!

[   11.072850] systemd[1]: Set hostname to <ubuntu-bionic>.
[   11.500052] systemd[1]: Created slice User and Session Slice.
[[0;32m  OK  [0m] Created slice User and Session Slice.
[   11.568967] systemd[1]: Reached target System Time Synchronized.
[[0;32m  OK  [0m] Reached target System Time Synchronized.
[   11.629410] systemd[1]: Reached target Swap.
[[0;32m  OK  [0m] Reached target Swap.
[   11.637477] systemd[1]: Reached target User and Group Name Lookups.
[[0;32m  OK  [0m] Reached target User and Group Name Lookups.
[   11.647059] systemd[1]: Set up automount Arbitrary Executable File Formats File System Automount Point.
[[0;32m  OK  [0m] Set up automount Arbitrary Executabâ€¦rmats File System Automount Point.
[   11.653644] systemd[1]: Started Forward Password Requests to Wall Directory Watch.
[[0;32m  OK  [0m] Started Forward Password Requests to Wall Directory Watch.
[[0;32m  OK  [0m] Created slice System Slice.
[[0;32m  OK  [0m] Created slice system-serial\x2dgetty.slice.
[[0;32m  OK  [0m] Listening on Network Service Netlink Socket.
[[0;32m  OK  [0m] Reached target Slices.
[[0;32m  OK  [0m] Listening on LVM2 metadata daemon socket.
[[0;32m  OK  [0m] Listening on Journal Socket (/dev/log).
[[0;32m  OK  [0m] Listening on Journal Audit Socket.
[[0;32m  OK  [0m] Listening on /dev/initctl Compatibility Named Pipe.
[[0;32m  OK  [0m] Listening on udev Control Socket.
[[0;32m  OK  [0m] Listening on udev Kernel Socket.
[[0;32m  OK  [0m] Listening on Syslog Socket.
[[0;32m  OK  [0m] Listening on Device-mapper event daemon FIFOs.
[[0;32m  OK  [0m] Listening on LVM2 poll daemon socket.
[[0;32m  OK  [0m] Listening on Journal Socket.
         Mounting POSIX Message Queue File System...
         Starting Monitoring of LVM2 mirrorsâ€¦ng dmeventd or progress polling...
         Starting Load Kernel Modules...
         Starting Journal Service...
         Starting udev Coldplug all Devices...
         Starting Set the console keyboard layout...
         Mounting Huge Pages File System...
         Starting Create list of required stâ€¦ce nodes for the current kernel...
[   11.788361] Loading iSCSI transport class v2.0-870.
         Starting Remount Root and Kernel File Systems...
         Mounting Kernel Debug File System...
         Starting Uncomplicated firewall...
[   11.803462] iscsi: registered transport (tcp)
[[0;32m  OK  [0m] Mounted POSIX Message Queue File System.
[[0;32m  OK  [0m] Mounted Huge Pages File System.
[[0;32m  OK  [0m] Started Journal [   11.886047] EXT4-fs (sda1): re-mounted. Opts: (null)
Service.
[[0;32m  OK  [0m] Started Create list of required staâ€¦vice nodes for the current kernel.
[[0;32m  OK  [0m] Started Remount Root and Kernel File Systems.
[[0;32m  OK  [0m] Mounted Kernel Debug File System.
[[0;32m  OK  [0m] Started Uncomplicated firewal[   11.918613] iscsi: registered transport (iser)
l.
[[0;32m  OK  [0m] Started udev Coldplug all Devices.
[[0;32m  OK  [0m] Started Load Kernel Modules.
[[0;32m  OK  [0m] Started LVM2 metadata daemon.
         Mounting Kernel Configuration File System...
         Starting Apply Kernel Variables...
         Mounting FUSE Control File System...
         Starting Load/Save Random Seed...
         Starting Create Static Device Nodes in /dev...
         Starting Flush Journal to Persistent Storage...
[[0;32m  OK  [0m] Started Monitoring of LVM2 mirrors,â€¦sing dmeventd or progress polling.
[[0;32m  OK  [0m] Mounted Kernel Configuration File System.
[[0;32m  OK  [0m] Mounted FUSE Control File System.
[[0;32m  OK  [0m] Started Create Static Device Nodes in /dev.
[[0;32m  OK  [0m] Started Apply Kernel Variables.
[[0;32m  OK  [0m] Started Load/Save Random Seed.
         Starting udev Kernel Device Manager...
[[0;32m  OK  [0m] Started Set the console keyboard layout.
[[0;32m  OK  [0m] Reached target Local File Systems (Pre).
[[0;32m  OK  [0m] Reached target Local File Systems.
         Starting ebtables ruleset management...
         Starting AppArmor initialization...
         Starting Tell Plymouth To Write Out Runtime Data...
         Starting Set console font and keymap...
[[0;32m  OK  [0m] Started udev Kernel Device Manager.
[[0;32m  OK  [0m] Started Dispatch Password Requests to Console Directory Watch.
[[0;32m  OK  [0m] Reached target Local Encrypted Volumes.
[[0;32m  OK  [0m] Started Tell Plymouth To Write Out Runtime Data.
[[0;32m  OK  [0m] Started Set console font and keymap.
[[0;32m  OK  [0m] Started Flush Journal to Persistent Storage.
         Starting Create Volatile Files and Directories...
[[0;32m  OK  [0m] Started Create Volatile Files and Directories.
         Starting Update UTMP about System Boot/Shutdown...
[[0;32m  OK  [0m] Started Update UTMP about System Boot/Shutdown.
[[0;32m  OK  [0m] Started ebtables ruleset management.
[[0;32m  OK  [0m] Found device /dev/ttyS0.
[[0;32m  OK  [0m] Listening on Load/Save RF Kill Switch Status /dev/rfkill Watch.
[[0;32m  OK  [0m] Started AppArmor initialization.
         Starting Initial cloud-init job (pre-networking)...
[   14.133889] cloud-init[547]: Cloud-init v. 19.2-36-g059d049c-0ubuntu1~18.04.1 running 'init-local' at Thu, 19 Dec 2019 12:17:09 +0000. Up 13.84 seconds.
[[0;32m  OK  [0m] Started Initial cloud-init job (pre-networking).
[[0;32m  OK  [0m] Reached target Network (Pre).
         Starting Network Service...
[[0;32m  OK  [0m] Started Network Service.
         Starting Wait for Network to be Configured...
         Starting Network Name Resolution...
[[0;32m  OK  [0m] Started Network Name Resolution.
[[0;32m  OK  [0m] Reached target Host and Network Name Lookups.
[[0;32m  OK  [0m] Reached target Network.
[[0;32m  OK  [0m] Started Wait for Network to be Configured.
         Starting Initial cloud-init job (metadata service crawler)...
[   16.913066] cloud-init[717]: Cloud-init v. 19.2-36-g059d049c-0ubuntu1~18.04.1 running 'init' at Thu, 19 Dec 2019 12:17:12 +0000. Up 16.68 seconds.
[   16.925460] cloud-init[717]: ci-info: ++++++++++++++++++++++++++++++++++++++Net device info+++++++++++++++++++++++++++++++++++++++
[   16.944423] cloud-init[717]: ci-info: +--------+------+-----------------------------+---------------+--------+-------------------+
[   16.948497] cloud-init[717]: ci-info: | Device |  Up  |           Address           |      Mask     | Scope  |     Hw-Address    |
[   16.957822] cloud-init[717]: ci-info: +--------+------+-----------------------------+---------------+--------+-------------------+
[   16.961931] cloud-init[717]: ci-info: | enp0s3 | True |          10.0.2.15          | 255.255.255.0 | global | 02:82:7a:7b:51:94 |
[   16.965586] cloud-init[717]: ci-info: | enp0s3 | True |  fe80::82:7aff:fe7b:5194/64 |       .       |  link  | 02:82:7a:7b:51:94 |
[   16.969197] cloud-init[717]: ci-info: | enp0s8 | True |        192.168.33.10        | 255.255.255.0 | global | 08:00:27:c6:f4:33 |
[   16.975213] cloud-init[717]: ci-info: | enp0s8 | True | fe80::a00:27ff:fec6:f433/64 |       .       |  link  | 08:00:27:c6:f4:33 |
[   16.980969] cloud-init[717]: ci-info: |   lo   | True |          127.0.0.1          |   255.0.0.0   |  host  |         .         |
[   16.991043] cloud-init[717]: ci-info: |   lo   | True |           ::1/128           |       .       |  host  |         .         |
[   16.999154] cloud-init[717]: ci-info: +--------+------+-----------------------------+---------------+--------+-------------------+
[   17.008046] cloud-init[717]: ci-info: +++++++++++++++++++++++++++++Route IPv4 info+++++++++++++++++++++++++++++
[   17.021101] cloud-init[717]: ci-info: +-------+--------------+----------+-----------------+-----------+-------+
[   17.032517] cloud-init[717]: ci-info: | Route | Destination  | Gateway  |     Genmask     | Interface | Flags |
[   17.042913] cloud-init[717]: ci-info: +-------+--------------+----------+-----------------+-----------+-------+
[   17.050891] cloud-init[717]: ci-info: |   0   |   0.0.0.0    | 10.0.2.2 |     0.0.0.0     |   enp0s3  |   UG  |
[   17.075347] cloud-init[717]: ci-info: |   1   |   10.0.2.0   | 0.0.0.0  |  255.255.255.0  |   enp0s3  |   U   |
[   17.078847] cloud-init[717]: ci-info: |   2   |   10.0.2.2   | 0.0.0.0  | 255.255.255.255 |   enp0s3  |   UH  |
[   17.086435] cloud-init[717]: ci-info: |   3   | 192.168.33.0 | 0.0.0.0  |  255.255.255.0  |   enp0s8  |   U   |
[   17.090092] cloud-init[717]: ci-info: +-------+--------------+----------+-----------------+-----------+-------+
[   17.098936] cloud-init[717]: ci-info: +++++++++++++++++++Route IPv6 info+++++++++++++++++++
[   17.102076] cloud-init[717]: ci-info: +-------+-------------+---------+-----------+-------+
[   17.110351] cloud-init[717]: ci-info: | Route | Destination | Gateway | Interface | Flags |
[   17.114540] cloud-init[717]: ci-info: +-------+-------------+---------+-----------+-------+
[   17.117568] cloud-init[717]: ci-info: |   1   |  fe80::/64  |    ::   |   enp0s8  |   U   |
[   17.120501] cloud-init[717]: ci-info: |   2   |  fe80::/64  |    ::   |   enp0s3  |   U   |
[   17.123549] cloud-init[717]: ci-info: |   4   |    local    |    ::   |   enp0s3  |   U   |
[   17.144507] cloud-init[717]: ci-info: |   5   |    local    |    ::   |   enp0s8  |   U   |
[   17.164503] cloud-init[717]: ci-info: |   6   |   ff00::/8  |    ::   |   enp0s8  |   U   |
[   17.169854] cloud-init[717]: ci-info: |   7   |   ff00::/8  |    ::   |   enp0s3  |   U   |
[   17.178709] cloud-init[717]: ci-info: +-------+-------------+---------+-----------+-------+
[[0;32m  OK  [0m] Started Initial cloud-init job (metadata service crawler).
[[0;32m  OK  [0m] Reached target System Initialization.
[[0;32m  OK  [0m] Started Discard unused blocks once a week.
[[0;32m  OK  [0m] Started ACPI Events Check.
[[0;32m  OK  [0m] Reached target Paths.
[[0;32m  OK  [0m] Listening on D-Bus System Message Bus Socket.
[[0;32m  OK  [0m] Listening on UUID daemon activation socket.
[[0;32m  OK  [0m] Listening on Open-iSCSI iscsid Socket.
[[0;32m  OK  [0m] Started Daily Cleanup of Temporary Directories.
[[0;32m  OK  [0m] Listening on ACPID Listen Socket.
         Starting Socket activation for snappy daemon.
[[0;32m  OK  [0m] Started Message of the Day.
[[0;32m  OK  [0m] Started Daily apt download activities.
[[0;32m  OK  [0m] Started Daily apt upgrade and clean activities.
[[0;32m  OK  [0m] Reached target Timers.
         Starting LXD - unix socket.
[[0;32m  OK  [0m] Reached target Cloud-config availability.
[[0;32m  OK  [0m] Reached target Network is Online.
         Starting Availability of block devices...
[[0;32m  OK  [0m] Reached target Remote File Systems (Pre).
[[0;32m  OK  [0m] Reached target Remote File Systems.
[[0;32m  OK  [0m] Listening on Socket activation for snappy daemon.
[[0;32m  OK  [0m] Listening on LXD - unix socket.
[[0;32m  OK  [0m] Started Availability of block devices.
[[0;32m  OK  [0m] Reached target Sockets.
[[0;32m  OK  [0m] Reached target Basic System.
[[0;32m  OK  [0m] Started FUSE filesystem for LXC.
         Starting Dispatcher daemon for systemd-networkd...
         Starting System Logging Service...
         Starting Login Service...
[[0;32m  OK  [0m] Started Deferred execution scheduler.
         Starting LSB: Record successful boot for GRUB...
         Starting vboxadd.service...
         Starting LXD - container startup/shutdown...
[[0;32m  OK  [0m] Started Regular background program processing daemon.
         Starting LSB: automatic crash report generation...
[[0;32m  OK  [0m] Started D-Bus System Message Bus.
[[0;32m  OK  [0m] Started Login Service.
[[0;32m  OK  [0m] Started Unattended Upgrades Shutdown.
         Starting Accounts Service...
         Starting OpenBSD Secure Shell server...
         Starting Permit User Sessions...
[[0;32m  OK  [0m] Started irqbalance daemon.
         Starting Snappy daemon...
[[0;32m  OK  [0m] Started System Logging Service.
[[0;32m  OK  [0m] Started LXD - container startup/shutdown.
[[0;32m  OK  [0m] Started Permit User Sessions.
[[0;32m  OK  [0m] Started OpenBSD Secure Shell server.
[[0;32m  OK  [0m] Started Dispatcher daemon for systemd-networkd.
         Starting Authorization Manager...
         Starting Hold until boot process finishes up...
         Starting Terminate Plymouth Boot Screen...
[[0;32m  OK  [0m] Started Hold until boot process finishes up.
[[0;32m  OK  [0m] Started Terminate Plymouth Boot Screen.
[[0;32m  OK  [0m] Started Serial Getty on ttyS0.
         Starting Set console scheme...
[[0;32m  OK  [0m] Started LSB: automatic crash report generation.
[[0;32m  OK  [0m] Started Set console scheme.
[[0;32m  OK  [0m] Created slice system-getty.slice.
[[0;32m  OK  [0m] Started Getty on tty1.
[[0;32m  OK  [0m] Reached target Login Prompts.
[[0;32m  OK  [0m] Started LSB: Record successful boot for GRUB.
[[0;32m  OK  [0m] Started Authorization Manager.
[[0;32m  OK  [0m] Started Accounts Service.
[[0;32m  OK  [0m] Created slice User Slice of vagrant.
         Starting User Manager for UID 1000...
[[0;32m  OK  [0m] Started Session 1 of user vagrant.
[[0;32m  OK  [0m] Started vboxadd.service.
         Starting vboxadd-service.service...
[[0;32m  OK  [0m] Started Snappy daemon.
         Starting Wait until snapd is fully seeded...
[[0;32m  OK  [0m] Started vboxadd-service.service.
[[0;32m  OK  [0m] Started Wait until snapd is fully seeded.
[[0;32m  OK  [0m] Started User Manager for UID 1000.
         Starting Apply the settings specified in cloud-config...
[[0;32m  OK  [0m] Reached target Multi-User System.
[[0;32m  OK  [0m] Reached target Graphical Interface.
         Starting Update UTMP about System Runlevel Changes...
[[0;32m  OK  [0m] Started Update UTMP about System Runlevel Changes.
[   19.677043] cloud-init[1127]: Cloud-init v. 19.2-36-g059d049c-0ubuntu1~18.04.1 running 'modules:config' at Thu, 19 Dec 2019 12:17:15 +0000. Up 19.55 seconds.
[[0;32m  OK  [0m] Started Apply the settings specified in cloud-config.
         Starting Execute cloud user/final scripts...
[   20.444903] cloud-init[1201]: Cloud-init v. 19.2-36-g059d049c-0ubuntu1~18.04.1 running 'modules:final' at Thu, 19 Dec 2019 12:17:16 +0000. Up 20.27 seconds.
[   20.459137] cloud-init[1201]: Cloud-init v. 19.2-36-g059d049c-0ubuntu1~18.04.1 finished at Thu, 19 Dec 2019 12:17:16 +0000. Datasource DataSourceNoCloud [seed=/dev/sdb][dsmode=net].  Up 20.42 seconds
[[0;32m  OK  [0m] Started Execute cloud user/final scripts.
[[0;32m  OK  [0m] Reached target Cloud-init target.

Ubuntu 18.04.3 LTS ubuntu-bionic ttyS0

ubuntu-bionic login: 